
> vasquez-law-website@1.0.0 build
> prisma generate && next build

Environment variables loaded from .env
Prisma schema loaded from prisma/schema.prisma

✔ Generated Prisma Client (v6.10.1) to ./node_modules/@prisma/client in 97ms

Start by importing your Prisma Client (See: https://pris.ly/d/importing-client)

Tip: Want to turn off tips and other hints? https://pris.ly/tip-4-nohints

  ▲ Next.js 14.2.30
  - Environments: .env.local, .env.production, .env
  - Experiments (use with caution):
    · optimizeCss

   Creating an optimized production build ...
 ⚠ Compiled with warnings

./src/resources/index.ts
export 'default' (reexported as 'ImmigrationProcessGuide') was not found in './guides/immigration-process-guide' (possible exports: ImmigrationProcessGuide)

Import trace for requested module:
./src/resources/index.ts
./src/app/api/resources/download/[resourceId]/route.ts

   Skipping validation of types
   Skipping linting
   Collecting page data ...
 ⚠ Using edge runtime on a page currently disables static generation for that page
[33mwarn[39m: Google Places API key not found. Google reviews will not be available. {"service":"vasquez-law-website","timestamp":"2025-07-06 04:49:27"}
[33mwarn[39m: Yelp API key not found. Yelp reviews will not be available. {"service":"vasquez-law-website","timestamp":"2025-07-06 04:49:27"}
[33mwarn[39m: Google Places API key not found. Google reviews will not be available. {"service":"vasquez-law-website","timestamp":"2025-07-06 04:49:27"}
[33mwarn[39m: Yelp API key not found. Yelp reviews will not be available. {"service":"vasquez-law-website","timestamp":"2025-07-06 04:49:27"}
[33mwarn[39m: Google Places API key not found. Google reviews will not be available. {"service":"vasquez-law-website","timestamp":"2025-07-06 04:49:27"}
[33mwarn[39m: Yelp API key not found. Yelp reviews will not be available. {"service":"vasquez-law-website","timestamp":"2025-07-06 04:49:27"}
[32minfo[39m: Retell API request {"data":{"agent_name":"Immigration Law Assistant","ambient_sound":true,"enable_backchannel":true,"interruption_sensitivity":0.6,"language":"en-US","reminder_max_count":2,"reminder_trigger_ms":10000,"response_engine":{"llm_id":"gpt-4","system_prompt":"You are a helpful bilingual (English/Spanish) immigration law assistant for Vasquez Law Firm. \n          You help callers with immigration questions, schedule consultations, and provide general information.\n          \n          Key Guidelines:\n          - Be professional, empathetic, and culturally sensitive\n          - Inform callers that specific legal advice requires a consultation with an attorney\n          - Offer to switch to Spanish if you detect an accent or if they seem more comfortable\n          - Always emphasize our experience with immigration cases and our commitment to helping families\n          \n          Services we offer:\n          - Family-based petitions (I-130, I-485)\n          - Work visas (H-1B, L-1, O-1, etc.)\n          - Deportation defense and removal proceedings\n          - Citizenship and naturalization\n          - DACA applications and renewals\n          - U-Visa and VAWA cases\n          - Asylum applications\n          \n          Information to collect:\n          1. Caller's name and phone number\n          2. Type of immigration issue\n          3. Current immigration status (if comfortable sharing)\n          4. Preferred language for consultation\n          5. Urgency of the matter\n          \n          Office locations:\n          - Raleigh, NC\n          - Charlotte, NC\n          - Winston-Salem, NC\n          - Orlando, FL\n          \n          Phone: 1-844-YO-PELEO (1-844-967-3536)","type":"llm_custom"},"responsiveness":0.8,"voice_id":"eleven_monolingual_v1","voice_speed":1,"voice_temperature":0.7,"webhook_url":"https://vasquez-law-website.vercel.app/api/webhooks/retell"},"method":"post","requestId":"retell-1751791767175-m24a4rvtl","service":"vasquez-law-website","timestamp":"2025-07-06 04:49:27","url":"/v2/agent"}
[31merror[39m: Retell API error {"duration":452,"error":"<!DOCTYPE html>\n<html lang=\"en\">\n<head>\n<meta charset=\"utf-8\">\n<title>Error</title>\n</head>\n<body>\n<pre>Cannot POST /v2/agent</pre>\n</body>\n</html>\n","requestId":"retell-1751791767175-m24a4rvtl","service":"vasquez-law-website","status":404,"timestamp":"2025-07-06 04:49:27"}
[31merror[39m: Retell API endpoint not found. Please check API version and endpoints. {"endpoint":"/v2/agent","method":"post","service":"vasquez-law-website","timestamp":"2025-07-06 04:49:27"}
[32minfo[39m: Retell API request {"data":{"agent_name":"Personal Injury Assistant","ambient_sound":true,"enable_backchannel":true,"interruption_sensitivity":0.6,"language":"en-US","reminder_max_count":2,"reminder_trigger_ms":10000,"response_engine":{"llm_id":"gpt-4","system_prompt":"You are a compassionate personal injury law assistant for Vasquez Law Firm.\n          Help injured callers understand their rights and schedule free consultations.\n          \n          Key Guidelines:\n          - Express genuine concern for their injuries and well-being\n          - Emphasize our \"No fee unless we win\" policy\n          - Ask about immediate medical needs\n          - Be patient as injured callers may be in pain or distressed\n          \n          Types of cases we handle:\n          - Auto accidents (cars, trucks, motorcycles)\n          - Workplace injuries\n          - Slip and fall accidents\n          - Medical malpractice\n          - Product liability\n          - Wrongful death\n          \n          Information to collect:\n          1. Name and phone number\n          2. Type and date of accident/injury\n          3. Current medical treatment status\n          4. Insurance information (if available)\n          5. Whether a police report was filed\n          6. If they've spoken to insurance companies\n          \n          Important reminders:\n          - Advise not to give statements to insurance without attorney\n          - Statute of limitations in NC is generally 3 years\n          - We work on contingency - no upfront costs","type":"llm_custom"},"responsiveness":0.8,"voice_id":"eleven_monolingual_v1","voice_speed":1,"voice_temperature":0.7,"webhook_url":"https://vasquez-law-website.vercel.app/api/webhooks/retell"},"method":"post","requestId":"retell-1751791767637-7rfvbqf6m","service":"vasquez-law-website","timestamp":"2025-07-06 04:49:27","url":"/v2/agent"}
[31merror[39m: Retell API error {"duration":117,"error":"<!DOCTYPE html>\n<html lang=\"en\">\n<head>\n<meta charset=\"utf-8\">\n<title>Error</title>\n</head>\n<body>\n<pre>Cannot POST /v2/agent</pre>\n</body>\n</html>\n","requestId":"retell-1751791767637-7rfvbqf6m","service":"vasquez-law-website","status":404,"timestamp":"2025-07-06 04:49:27"}
[31merror[39m: Retell API endpoint not found. Please check API version and endpoints. {"endpoint":"/v2/agent","method":"post","service":"vasquez-law-website","timestamp":"2025-07-06 04:49:27"}
[32minfo[39m: Retell API request {"data":{"agent_name":"Criminal Defense Assistant","ambient_sound":true,"enable_backchannel":true,"interruption_sensitivity":0.6,"language":"en-US","reminder_max_count":2,"reminder_trigger_ms":10000,"response_engine":{"llm_id":"gpt-4","system_prompt":"You are a professional criminal defense assistant for Vasquez Law Firm.\n          Help callers facing criminal charges understand their options.\n          \n          Key Guidelines:\n          - Be non-judgmental and reassuring\n          - Emphasize attorney-client privilege\n          - Stress the importance of acting quickly\n          - Never ask for details about the alleged crime over the phone\n          \n          Types of cases we handle:\n          - DWI/DUI charges\n          - Drug offenses\n          - Assault and violent crimes\n          - Theft and property crimes\n          - White collar crimes\n          - Traffic violations\n          - Expungements\n          \n          Information to collect:\n          1. Name and phone number\n          2. Type of charges\n          3. Court date (if any)\n          4. Whether they're currently in custody or out\n          5. County where charges were filed\n          \n          Important notes:\n          - If calling for someone in jail, get facility info\n          - Offer immediate consultation for urgent matters\n          - Explain we can often appear in court for them","type":"llm_custom"},"responsiveness":0.8,"voice_id":"eleven_monolingual_v1","voice_speed":1,"voice_temperature":0.7,"webhook_url":"https://vasquez-law-website.vercel.app/api/webhooks/retell"},"method":"post","requestId":"retell-1751791767754-pnwfwyppt","service":"vasquez-law-website","timestamp":"2025-07-06 04:49:27","url":"/v2/agent"}
[31merror[39m: Retell API error {"duration":107,"error":"<!DOCTYPE html>\n<html lang=\"en\">\n<head>\n<meta charset=\"utf-8\">\n<title>Error</title>\n</head>\n<body>\n<pre>Cannot POST /v2/agent</pre>\n</body>\n</html>\n","requestId":"retell-1751791767754-pnwfwyppt","service":"vasquez-law-website","status":404,"timestamp":"2025-07-06 04:49:27"}
[31merror[39m: Retell API endpoint not found. Please check API version and endpoints. {"endpoint":"/v2/agent","method":"post","service":"vasquez-law-website","timestamp":"2025-07-06 04:49:27"}
[32minfo[39m: Retell API request {"data":{"agent_name":"General Reception Assistant","ambient_sound":true,"enable_backchannel":true,"interruption_sensitivity":0.6,"language":"en-US","reminder_max_count":2,"reminder_trigger_ms":10000,"response_engine":{"llm_id":"gpt-4","system_prompt":"You are the main reception assistant for Vasquez Law Firm, a full-service law firm.\n          Route callers to the appropriate department or schedule consultations.\n          \n          Our practice areas:\n          1. Immigration Law\n          2. Personal Injury\n          3. Workers' Compensation\n          4. Criminal Defense\n          5. Family Law\n          6. Traffic Violations\n          \n          Key tasks:\n          - Determine the caller's legal needs\n          - Route to appropriate department\n          - Schedule consultations\n          - Provide basic information\n          - Handle general inquiries\n          \n          Be professional, friendly, and helpful. If unsure, offer to have an attorney call back.\n          \n          Office hours: Monday-Friday 9 AM - 5 PM\n          Emergency line available 24/7 for urgent matters","type":"llm_custom"},"responsiveness":0.8,"voice_id":"eleven_monolingual_v1","voice_speed":1,"voice_temperature":0.7,"webhook_url":"https://vasquez-law-website.vercel.app/api/webhooks/retell"},"method":"post","requestId":"retell-1751791767861-982lr0a4v","service":"vasquez-law-website","timestamp":"2025-07-06 04:49:27","url":"/v2/agent"}
[31merror[39m: Retell API error {"duration":113,"error":"<!DOCTYPE html>\n<html lang=\"en\">\n<head>\n<meta charset=\"utf-8\">\n<title>Error</title>\n</head>\n<body>\n<pre>Cannot POST /v2/agent</pre>\n</body>\n</html>\n","requestId":"retell-1751791767861-982lr0a4v","service":"vasquez-law-website","status":404,"timestamp":"2025-07-06 04:49:27"}
[31merror[39m: Retell API endpoint not found. Please check API version and endpoints. {"endpoint":"/v2/agent","method":"post","service":"vasquez-law-website","timestamp":"2025-07-06 04:49:27"}
[32minfo[39m: Retell API request {"data":{"agent_name":"Asistente de Inmigración","ambient_sound":true,"enable_backchannel":true,"interruption_sensitivity":0.6,"language":"es-ES","reminder_max_count":2,"reminder_trigger_ms":10000,"response_engine":{"llm_id":"gpt-4","system_prompt":"Eres un asistente legal bilingüe de inmigración para Vasquez Law Firm.\n          Ayudas a personas con preguntas de inmigración y programas consultas en español.\n          \n          Directrices clave:\n          - Sé profesional, empático y culturalmente sensible\n          - Informa que consejos legales específicos requieren consulta con un abogado\n          - Enfatiza nuestra experiencia ayudando a familias latinas\n          - Usa un tono cálido y acogedor\n          \n          Servicios que ofrecemos:\n          - Peticiones familiares (I-130, I-485)\n          - Visas de trabajo\n          - Defensa contra deportación\n          - Ciudadanía y naturalización\n          - DACA\n          - Visa U y VAWA\n          - Asilo\n          \n          Información a recolectar:\n          1. Nombre y teléfono\n          2. Tipo de problema migratorio\n          3. Estatus actual (si se siente cómodo compartiendo)\n          4. Urgencia del asunto\n          \n          Oficinas en: Raleigh, Charlotte, Winston-Salem (NC) y Orlando (FL)\n          Teléfono: 1-844-YO-PELEO","type":"llm_custom"},"responsiveness":0.8,"voice_id":"eleven_multilingual_v1","voice_speed":1,"voice_temperature":0.7,"webhook_url":"https://vasquez-law-website.vercel.app/api/webhooks/retell"},"method":"post","requestId":"retell-1751791767975-0dun8l25i","service":"vasquez-law-website","timestamp":"2025-07-06 04:49:27","url":"/v2/agent"}
[31merror[39m: Retell API error {"duration":110,"error":"<!DOCTYPE html>\n<html lang=\"en\">\n<head>\n<meta charset=\"utf-8\">\n<title>Error</title>\n</head>\n<body>\n<pre>Cannot POST /v2/agent</pre>\n</body>\n</html>\n","requestId":"retell-1751791767975-0dun8l25i","service":"vasquez-law-website","status":404,"timestamp":"2025-07-06 04:49:28"}
[31merror[39m: Retell API endpoint not found. Please check API version and endpoints. {"endpoint":"/v2/agent","method":"post","service":"vasquez-law-website","timestamp":"2025-07-06 04:49:28"}
[32minfo[39m: Retell agents initialized {"count":0,"practiceAreas":[],"service":"vasquez-law-website","timestamp":"2025-07-06 04:49:28"}
   Generating static pages (0/654) ...
Time 2.372583
Time 2.382
[32minfo[39m: SEOOptimizationService.generateSitemap {"service":"vasquez-law-website","timestamp":"2025-07-06 04:49:30"}
[33mwarn[39m: Google Places API key not found. Google reviews will not be available. {"service":"vasquez-law-website","timestamp":"2025-07-06 04:49:30"}
[33mwarn[39m: Yelp API key not found. Yelp reviews will not be available. {"service":"vasquez-law-website","timestamp":"2025-07-06 04:49:30"}
   Generating static pages (163/654) 
[32minfo[39m: Retell API request {"data":{"agent_name":"Immigration Law Assistant","ambient_sound":true,"enable_backchannel":true,"interruption_sensitivity":0.6,"language":"en-US","reminder_max_count":2,"reminder_trigger_ms":10000,"response_engine":{"llm_id":"gpt-4","system_prompt":"You are a helpful bilingual (English/Spanish) immigration law assistant for Vasquez Law Firm. \n          You help callers with immigration questions, schedule consultations, and provide general information.\n          \n          Key Guidelines:\n          - Be professional, empathetic, and culturally sensitive\n          - Inform callers that specific legal advice requires a consultation with an attorney\n          - Offer to switch to Spanish if you detect an accent or if they seem more comfortable\n          - Always emphasize our experience with immigration cases and our commitment to helping families\n          \n          Services we offer:\n          - Family-based petitions (I-130, I-485)\n          - Work visas (H-1B, L-1, O-1, etc.)\n          - Deportation defense and removal proceedings\n          - Citizenship and naturalization\n          - DACA applications and renewals\n          - U-Visa and VAWA cases\n          - Asylum applications\n          \n          Information to collect:\n          1. Caller's name and phone number\n          2. Type of immigration issue\n          3. Current immigration status (if comfortable sharing)\n          4. Preferred language for consultation\n          5. Urgency of the matter\n          \n          Office locations:\n          - Raleigh, NC\n          - Charlotte, NC\n          - Winston-Salem, NC\n          - Orlando, FL\n          \n          Phone: 1-844-YO-PELEO (1-844-967-3536)","type":"llm_custom"},"responsiveness":0.8,"voice_id":"eleven_monolingual_v1","voice_speed":1,"voice_temperature":0.7,"webhook_url":"https://vasquez-law-website.vercel.app/api/webhooks/retell"},"method":"post","requestId":"retell-1751791771509-r9ufz3qko","service":"vasquez-law-website","timestamp":"2025-07-06 04:49:31","url":"/v2/agent"}
   Generating static pages (326/654) 
[31merror[39m: Retell API error {"duration":327,"error":"<!DOCTYPE html>\n<html lang=\"en\">\n<head>\n<meta charset=\"utf-8\">\n<title>Error</title>\n</head>\n<body>\n<pre>Cannot POST /v2/agent</pre>\n</body>\n</html>\n","requestId":"retell-1751791771509-r9ufz3qko","service":"vasquez-law-website","status":404,"timestamp":"2025-07-06 04:49:31"}
[31merror[39m: Retell API endpoint not found. Please check API version and endpoints. {"endpoint":"/v2/agent","method":"post","service":"vasquez-law-website","timestamp":"2025-07-06 04:49:31"}
[32minfo[39m: Retell API request {"data":{"agent_name":"Personal Injury Assistant","ambient_sound":true,"enable_backchannel":true,"interruption_sensitivity":0.6,"language":"en-US","reminder_max_count":2,"reminder_trigger_ms":10000,"response_engine":{"llm_id":"gpt-4","system_prompt":"You are a compassionate personal injury law assistant for Vasquez Law Firm.\n          Help injured callers understand their rights and schedule free consultations.\n          \n          Key Guidelines:\n          - Express genuine concern for their injuries and well-being\n          - Emphasize our \"No fee unless we win\" policy\n          - Ask about immediate medical needs\n          - Be patient as injured callers may be in pain or distressed\n          \n          Types of cases we handle:\n          - Auto accidents (cars, trucks, motorcycles)\n          - Workplace injuries\n          - Slip and fall accidents\n          - Medical malpractice\n          - Product liability\n          - Wrongful death\n          \n          Information to collect:\n          1. Name and phone number\n          2. Type and date of accident/injury\n          3. Current medical treatment status\n          4. Insurance information (if available)\n          5. Whether a police report was filed\n          6. If they've spoken to insurance companies\n          \n          Important reminders:\n          - Advise not to give statements to insurance without attorney\n          - Statute of limitations in NC is generally 3 years\n          - We work on contingency - no upfront costs","type":"llm_custom"},"responsiveness":0.8,"voice_id":"eleven_monolingual_v1","voice_speed":1,"voice_temperature":0.7,"webhook_url":"https://vasquez-law-website.vercel.app/api/webhooks/retell"},"method":"post","requestId":"retell-1751791771842-rqxpjny7s","service":"vasquez-law-website","timestamp":"2025-07-06 04:49:31","url":"/v2/agent"}
[31merror[39m: Retell API error {"duration":116,"error":"<!DOCTYPE html>\n<html lang=\"en\">\n<head>\n<meta charset=\"utf-8\">\n<title>Error</title>\n</head>\n<body>\n<pre>Cannot POST /v2/agent</pre>\n</body>\n</html>\n","requestId":"retell-1751791771842-rqxpjny7s","service":"vasquez-law-website","status":404,"timestamp":"2025-07-06 04:49:31"}
[31merror[39m: Retell API endpoint not found. Please check API version and endpoints. {"endpoint":"/v2/agent","method":"post","service":"vasquez-law-website","timestamp":"2025-07-06 04:49:31"}
[32minfo[39m: Retell API request {"data":{"agent_name":"Criminal Defense Assistant","ambient_sound":true,"enable_backchannel":true,"interruption_sensitivity":0.6,"language":"en-US","reminder_max_count":2,"reminder_trigger_ms":10000,"response_engine":{"llm_id":"gpt-4","system_prompt":"You are a professional criminal defense assistant for Vasquez Law Firm.\n          Help callers facing criminal charges understand their options.\n          \n          Key Guidelines:\n          - Be non-judgmental and reassuring\n          - Emphasize attorney-client privilege\n          - Stress the importance of acting quickly\n          - Never ask for details about the alleged crime over the phone\n          \n          Types of cases we handle:\n          - DWI/DUI charges\n          - Drug offenses\n          - Assault and violent crimes\n          - Theft and property crimes\n          - White collar crimes\n          - Traffic violations\n          - Expungements\n          \n          Information to collect:\n          1. Name and phone number\n          2. Type of charges\n          3. Court date (if any)\n          4. Whether they're currently in custody or out\n          5. County where charges were filed\n          \n          Important notes:\n          - If calling for someone in jail, get facility info\n          - Offer immediate consultation for urgent matters\n          - Explain we can often appear in court for them","type":"llm_custom"},"responsiveness":0.8,"voice_id":"eleven_monolingual_v1","voice_speed":1,"voice_temperature":0.7,"webhook_url":"https://vasquez-law-website.vercel.app/api/webhooks/retell"},"method":"post","requestId":"retell-1751791771959-038vcjok0","service":"vasquez-law-website","timestamp":"2025-07-06 04:49:31","url":"/v2/agent"}
   Generating static pages (490/654) 
[31merror[39m: Retell API error {"duration":114,"error":"<!DOCTYPE html>\n<html lang=\"en\">\n<head>\n<meta charset=\"utf-8\">\n<title>Error</title>\n</head>\n<body>\n<pre>Cannot POST /v2/agent</pre>\n</body>\n</html>\n","requestId":"retell-1751791771959-038vcjok0","service":"vasquez-law-website","status":404,"timestamp":"2025-07-06 04:49:32"}
[31merror[39m: Retell API endpoint not found. Please check API version and endpoints. {"endpoint":"/v2/agent","method":"post","service":"vasquez-law-website","timestamp":"2025-07-06 04:49:32"}
[32minfo[39m: Retell API request {"data":{"agent_name":"General Reception Assistant","ambient_sound":true,"enable_backchannel":true,"interruption_sensitivity":0.6,"language":"en-US","reminder_max_count":2,"reminder_trigger_ms":10000,"response_engine":{"llm_id":"gpt-4","system_prompt":"You are the main reception assistant for Vasquez Law Firm, a full-service law firm.\n          Route callers to the appropriate department or schedule consultations.\n          \n          Our practice areas:\n          1. Immigration Law\n          2. Personal Injury\n          3. Workers' Compensation\n          4. Criminal Defense\n          5. Family Law\n          6. Traffic Violations\n          \n          Key tasks:\n          - Determine the caller's legal needs\n          - Route to appropriate department\n          - Schedule consultations\n          - Provide basic information\n          - Handle general inquiries\n          \n          Be professional, friendly, and helpful. If unsure, offer to have an attorney call back.\n          \n          Office hours: Monday-Friday 9 AM - 5 PM\n          Emergency line available 24/7 for urgent matters","type":"llm_custom"},"responsiveness":0.8,"voice_id":"eleven_monolingual_v1","voice_speed":1,"voice_temperature":0.7,"webhook_url":"https://vasquez-law-website.vercel.app/api/webhooks/retell"},"method":"post","requestId":"retell-1751791772073-fow21s81u","service":"vasquez-law-website","timestamp":"2025-07-06 04:49:32","url":"/v2/agent"}
[31merror[39m: Retell API error {"duration":113,"error":"<!DOCTYPE html>\n<html lang=\"en\">\n<head>\n<meta charset=\"utf-8\">\n<title>Error</title>\n</head>\n<body>\n<pre>Cannot POST /v2/agent</pre>\n</body>\n</html>\n","requestId":"retell-1751791772073-fow21s81u","service":"vasquez-law-website","status":404,"timestamp":"2025-07-06 04:49:32"}
[31merror[39m: Retell API endpoint not found. Please check API version and endpoints. {"endpoint":"/v2/agent","method":"post","service":"vasquez-law-website","timestamp":"2025-07-06 04:49:32"}
[32minfo[39m: Retell API request {"data":{"agent_name":"Asistente de Inmigración","ambient_sound":true,"enable_backchannel":true,"interruption_sensitivity":0.6,"language":"es-ES","reminder_max_count":2,"reminder_trigger_ms":10000,"response_engine":{"llm_id":"gpt-4","system_prompt":"Eres un asistente legal bilingüe de inmigración para Vasquez Law Firm.\n          Ayudas a personas con preguntas de inmigración y programas consultas en español.\n          \n          Directrices clave:\n          - Sé profesional, empático y culturalmente sensible\n          - Informa que consejos legales específicos requieren consulta con un abogado\n          - Enfatiza nuestra experiencia ayudando a familias latinas\n          - Usa un tono cálido y acogedor\n          \n          Servicios que ofrecemos:\n          - Peticiones familiares (I-130, I-485)\n          - Visas de trabajo\n          - Defensa contra deportación\n          - Ciudadanía y naturalización\n          - DACA\n          - Visa U y VAWA\n          - Asilo\n          \n          Información a recolectar:\n          1. Nombre y teléfono\n          2. Tipo de problema migratorio\n          3. Estatus actual (si se siente cómodo compartiendo)\n          4. Urgencia del asunto\n          \n          Oficinas en: Raleigh, Charlotte, Winston-Salem (NC) y Orlando (FL)\n          Teléfono: 1-844-YO-PELEO","type":"llm_custom"},"responsiveness":0.8,"voice_id":"eleven_multilingual_v1","voice_speed":1,"voice_temperature":0.7,"webhook_url":"https://vasquez-law-website.vercel.app/api/webhooks/retell"},"method":"post","requestId":"retell-1751791772186-c86xm3s2n","service":"vasquez-law-website","timestamp":"2025-07-06 04:49:32","url":"/v2/agent"}
[31merror[39m: Retell API error {"duration":114,"error":"<!DOCTYPE html>\n<html lang=\"en\">\n<head>\n<meta charset=\"utf-8\">\n<title>Error</title>\n</head>\n<body>\n<pre>Cannot POST /v2/agent</pre>\n</body>\n</html>\n","requestId":"retell-1751791772186-c86xm3s2n","service":"vasquez-law-website","status":404,"timestamp":"2025-07-06 04:49:32"}
[31merror[39m: Retell API endpoint not found. Please check API version and endpoints. {"endpoint":"/v2/agent","method":"post","service":"vasquez-law-website","timestamp":"2025-07-06 04:49:32"}
[32minfo[39m: Retell agents initialized {"count":0,"practiceAreas":[],"service":"vasquez-law-website","timestamp":"2025-07-06 04:49:32"}
 ✓ Generating static pages (654/654)
   Finalizing page optimization ...
   Collecting build traces ...

Route (app)                                                                                               Size     First Load JS
┌ ○ /                                                                                                     1.41 kB         931 kB
├ ○ /_not-found                                                                                           145 B           930 kB
├ ○ /6-reasons-why-you-should-hire-a-personal-injury-lawyer                                               145 B           930 kB
├ ○ /7-causes-of-truck-driver-fatigue-that-can-lead-to-truck-accidents                                    144 B           930 kB
├ ○ /7-estrategias-comprobadas-que-los-abogados-de-inmigracion-usan-para-ganar-casos-complejos            145 B           930 kB
├ ○ /7-proven-strategies-that-immigration-lawyers-use-to-win-complex-cases                                145 B           930 kB
├ ○ /abogados-de-inmigracion-de-t-visa                                                                    145 B           930 kB
├ ○ /about                                                                                                5.19 kB         935 kB
├ ○ /admin/agent-monitoring                                                                               2.76 kB         932 kB
├ ○ /admin/agents                                                                                         1.34 kB         873 kB
├ ○ /admin/import                                                                                         1.92 kB         931 kB
├ ○ /admin/voice-agents                                                                                   1.9 kB          931 kB
├ ○ /animations-demo                                                                                      12 kB           941 kB
├ ƒ /api/admin/cache                                                                                      0 B                0 B
├ ƒ /api/agents/health                                                                                    0 B                0 B
├ ƒ /api/agents/lead-validation                                                                           0 B                0 B
├ ƒ /api/agents/monitor                                                                                   0 B                0 B
├ ƒ /api/ai/paralegal                                                                                     0 B                0 B
├ ƒ /api/analytics/blog                                                                                   0 B                0 B
├ ƒ /api/analytics/blog-reading                                                                           0 B                0 B
├ ƒ /api/analytics/blog-share                                                                             0 B                0 B
├ ƒ /api/auth/[...nextauth]                                                                               0 B                0 B
├ ƒ /api/blog                                                                                             0 B                0 B
├ ƒ /api/blog/[slug]                                                                                      0 B                0 B
├ ƒ /api/blog/import                                                                                      0 B                0 B
├ ƒ /api/blog/rss                                                                                         0 B                0 B
├ ○ /api/blog/sitemap                                                                                     0 B                0 B
├ ƒ /api/cases                                                                                            0 B                0 B
├ ƒ /api/cases/[caseId]                                                                                   0 B                0 B
├ ƒ /api/chat                                                                                             0 B                0 B
├ ƒ /api/contact                                                                                          0 B                0 B
├ ƒ /api/content-import                                                                                   0 B                0 B
├ ƒ /api/crewai/appointment-scheduling                                                                    0 B                0 B
├ ƒ /api/crewai/client-intake                                                                             0 B                0 B
├ ƒ /api/crewai/competitive-analysis                                                                      0 B                0 B
├ ƒ /api/crewai/document-analysis                                                                         0 B                0 B
├ ƒ /api/crewai/intake                                                                                    0 B                0 B
├ ƒ /api/crewai/legal-consultation                                                                        0 B                0 B
├ ƒ /api/crewai/seo-blog-generation                                                                       0 B                0 B
├ ƒ /api/crewai/social-media-monitoring                                                                   0 B                0 B
├ ƒ /api/dashboard/metrics                                                                                0 B                0 B
├ ○ /api/deploy-check                                                                                     0 B                0 B
├ ○ /api/diagnostic                                                                                       0 B                0 B
├ ƒ /api/email/send                                                                                       0 B                0 B
├ ƒ /api/ghl/send-sms                                                                                     0 B                0 B
├ ƒ /api/ghl/trigger-call                                                                                 0 B                0 B
├ ○ /api/health                                                                                           0 B                0 B
├ ƒ /api/hodos/[...path]                                                                                  0 B                0 B
├ ƒ /api/leads/capture                                                                                    0 B                0 B
├ ƒ /api/newsletter                                                                                       0 B                0 B
├ ƒ /api/payment/authorize-net                                                                            0 B                0 B
├ ƒ /api/payment/lawpay                                                                                   0 B                0 B
├ ƒ /api/payments                                                                                         0 B                0 B
├ ƒ /api/resources/download/[resourceId]                                                                  0 B                0 B
├ ƒ /api/retell/agents                                                                                    0 B                0 B
├ ƒ /api/retell/phone-numbers                                                                             0 B                0 B
├ ƒ /api/reviews                                                                                          0 B                0 B
├ ○ /api/reviews/demo                                                                                     0 B                0 B
├ ƒ /api/reviews/recent                                                                                   0 B                0 B
├ ○ /api/reviews/status                                                                                   0 B                0 B
├ ○ /api/robots                                                                                           0 B                0 B
├ ○ /api/sitemap                                                                                          0 B                0 B
├ ○ /api/test                                                                                             0 B                0 B
├ ƒ /api/webhooks/ghl                                                                                     0 B                0 B
├ ƒ /api/webhooks/retell                                                                                  0 B                0 B
├ ƒ /api/webhooks/socket                                                                                  0 B                0 B
├ ƒ /api/webhooks/stripe                                                                                  0 B                0 B
├ ○ /attorneys                                                                                            144 B           930 kB
├ ○ /attorneys/adriana-ingram                                                                             144 B           930 kB
├ ○ /attorneys/adrianna-ingram                                                                            3.21 kB         933 kB
├ ○ /attorneys/christopher-afanador                                                                       2.84 kB         932 kB
├ ○ /attorneys/christopher-afanador-abogado                                                               144 B           930 kB
├ ○ /attorneys/jillian-baucom                                                                             2.81 kB         932 kB
├ ○ /attorneys/jillian-baucom-es                                                                          215 B           930 kB
├ ○ /attorneys/judith-parkes                                                                              144 B           930 kB
├ ○ /attorneys/kelly-vega                                                                                 2.83 kB         932 kB
├ ○ /attorneys/mark-kelsey                                                                                144 B           930 kB
├ ○ /attorneys/mark-kelsey-es                                                                             145 B           930 kB
├ ○ /attorneys/rebecca-sommer                                                                             2.87 kB         932 kB
├ ○ /attorneys/roselyn-torrellas                                                                          3.36 kB         933 kB
├ ○ /attorneys/roselyn-v-torrellas                                                                        145 B           930 kB
├ ○ /attorneys/william-vasquez                                                                            3.94 kB         933 kB
├ ○ /auth/signin                                                                                          1.97 kB         873 kB
├ ○ /author/wvasquezvasquezlawfirm-com                                                                    143 B           930 kB
├ ○ /best-guide-on-navigating-the-board-of-immigration-appeals                                            144 B           930 kB
├ ○ /best-workers-compensation-quote-save-more-today                                                      144 B           930 kB
├ ○ /blog                                                                                                 3.96 kB         933 kB
├ ○ /blog-sitemap.xml                                                                                     0 B                0 B
├ ƒ /blog/[slug]                                                                                          3.84 kB         933 kB
├ ○ /blog/category/criminal-defense                                                                       144 B           930 kB
├ ○ /blog/category/family-law                                                                             144 B           930 kB
├ ○ /blog/category/immigration                                                                            145 B           930 kB
├ ○ /blog/category/personal-injury                                                                        145 B           930 kB
├ ○ /blog/category/traffic-violations                                                                     144 B           930 kB
├ ○ /blog/category/workers-compensation                                                                   144 B           930 kB
├ ○ /blog/legal-update-1750512775521                                                                      145 B           930 kB
├ ○ /blog/legal-update-1750512775524                                                                      144 B           930 kB
├ ○ /blog/legal-update-1750512775525                                                                      145 B           930 kB
├ ○ /blog/legal-update-1750512775528                                                                      145 B           930 kB
├ ○ /blog/legal-update-1750552563568                                                                      145 B           930 kB
├ ○ /blog/legal-update-1750552563569                                                                      144 B           930 kB
├ ○ /blog/legal-update-1750552563570                                                                      144 B           930 kB
├ ○ /blog/legal-update-1750552563572                                                                      144 B           930 kB
├ ○ /blog/legal-update-1750552563573                                                                      144 B           930 kB
├ ○ /blog/legal-update-1750561289682                                                                      144 B           930 kB
├ ○ /blog/legal-update-1750561289683                                                                      145 B           930 kB
├ ○ /blog/legal-update-1750561289684                                                                      145 B           930 kB
├ ○ /blog/legal-update-1750561289685                                                                      144 B           930 kB
├ ○ /blog/legal-update-1750570168448                                                                      145 B           930 kB
├ ○ /blog/legal-update-1750570168452                                                                      144 B           930 kB
├ ○ /blog/legal-update-1750570168455                                                                      144 B           930 kB
├ ○ /blog/legal-update-1750570168457                                                                      144 B           930 kB
├ ○ /blog/legal-update-1750570168460                                                                      144 B           930 kB
├ ○ /blog/legal-update-1750577368439                                                                      144 B           930 kB
├ ○ /blog/legal-update-1750577368443                                                                      144 B           930 kB
├ ○ /blog/legal-update-1750577368446                                                                      144 B           930 kB
├ ○ /blog/legal-update-1750577368449                                                                      145 B           930 kB
├ ○ /blog/legal-update-1750577368452                                                                      145 B           930 kB
├ ○ /blog/legal-update-1750584568369                                                                      142 B           930 kB
├ ○ /blog/legal-update-1750584568372                                                                      144 B           930 kB
├ ○ /blog/legal-update-1750584568375                                                                      144 B           930 kB
├ ○ /blog/legal-update-1750584568377                                                                      144 B           930 kB
├ ○ /blog/legal-update-1750584568379                                                                      144 B           930 kB
├ ○ /blog/legal-update-1750591768404                                                                      145 B           930 kB
├ ○ /blog/legal-update-1750591768407                                                                      145 B           930 kB
├ ○ /blog/legal-update-1750591768410                                                                      144 B           930 kB
├ ○ /blog/legal-update-1750591768412                                                                      145 B           930 kB
├ ○ /blog/legal-update-1750591768415                                                                      144 B           930 kB
├ ○ /blog/legal-update-1750598968336                                                                      145 B           930 kB
├ ○ /blog/legal-update-1750598968340                                                                      144 B           930 kB
├ ○ /blog/legal-update-1750598968343                                                                      144 B           930 kB
├ ○ /blog/legal-update-1750598968346                                                                      144 B           930 kB
├ ○ /blog/legal-update-1750598968348                                                                      145 B           930 kB
├ ○ /blog/legal-update-1750674844260                                                                      144 B           930 kB
├ ○ /blog/legal-update-1750674844263                                                                      144 B           930 kB
├ ○ /blog/legal-update-1750674844264                                                                      145 B           930 kB
├ ○ /blog/legal-update-1750674844266                                                                      145 B           930 kB
├ ○ /blog/legal-update-1750674844268                                                                      145 B           930 kB
├ ○ /blog/test-immigration-guide                                                                          144 B           930 kB
├ ○ /calculators                                                                                          4.88 kB         934 kB
├ ○ /can-a-lawyer-help-me-if-i-get-a-dwi                                                                  143 B           930 kB
├ ○ /can-i-sue-someone-if-their-dog-bites-me                                                              144 B           930 kB
├ ○ /case-results                                                                                         144 B           930 kB
├ ○ /category/car-accidents                                                                               144 B           930 kB
├ ○ /category/criminal-defense                                                                            145 B           930 kB
├ ○ /category/immigration                                                                                 144 B           930 kB
├ ○ /category/immigration/illegal-immigrants                                                              144 B           930 kB
├ ○ /category/personal-injuty                                                                             145 B           930 kB
├ ○ /category/uncategorized                                                                               144 B           930 kB
├ ○ /category/workers-compensation                                                                        144 B           930 kB
├ ○ /charlotte-nc                                                                                         144 B           930 kB
├ ○ /charlotte-nc-workers-comp-lawyers                                                                    145 B           930 kB
├ ○ /common-legal-mistakes-to-avoid-after-a-car-accident                                                  144 B           930 kB
├ ○ /como-construi-un-negocio-de-seis-cifras-en-12-meses-como-inmigrante-de-primera-generacion            144 B           930 kB
├ ○ /como-miles-se-han-beneficiado-al                                                                     144 B           930 kB
├ ○ /como-navegar-las-complejidades-de-la-junta-de                                                        144 B           930 kB
├ ○ /contact                                                                                              145 B           930 kB
├ ○ /contact/charlotte-nc-office-location                                                                 144 B           930 kB
├ ○ /contact/goldsboro-office-location                                                                    143 B           930 kB
├ ○ /contact/orlando-fl-office-location                                                                   144 B           930 kB
├ ○ /contact/raleigh-nc-office-location                                                                   144 B           930 kB
├ ○ /contact/smithfield-office-location                                                                   145 B           930 kB
├ ○ /criminal-defense                                                                                     144 B           930 kB
├ ○ /criminal-defense/indexet_blog                                                                        145 B           930 kB
├ ○ /cutting-edge                                                                                         3.56 kB         933 kB
├ ○ /cutting-edge-light                                                                                   3.89 kB         933 kB
├ ○ /dashboard                                                                                            2.71 kB         932 kB
├ ○ /documents-you-need-for-your-workers-comp-claim                                                       144 B           930 kB
├ ○ /does-the-violence-against-women-act-protect-against-deportation                                      144 B           930 kB
├ ○ /does-workers-compensation-insurance-automatically-cover-every-workplace-injury                       145 B           930 kB
├ ○ /durham-nc                                                                                            145 B           930 kB
├ ○ /durham-nc-immigration-lawyers                                                                        144 B           930 kB
├ ○ /el-mejor-abogado-de-inmigracion-explica-5-senales-clave-de-que-su-estatus-esta-en-riesgo             145 B           930 kB
├ ○ /es                                                                                                   1.45 kB         931 kB
├ ○ /es/abogados                                                                                          145 B           930 kB
├ ○ /es/abogados/adrianna-ingram                                                                          144 B           930 kB
├ ○ /es/abogados/christopher-afanador                                                                     144 B           930 kB
├ ○ /es/abogados/jillian-baucom                                                                           144 B           930 kB
├ ○ /es/abogados/judith-parkes                                                                            144 B           930 kB
├ ○ /es/abogados/mark-kelsey                                                                              145 B           930 kB
├ ○ /es/abogados/roselyn-torrellas                                                                        144 B           930 kB
├ ○ /es/abogados/william-vasquez                                                                          144 B           930 kB
├ ○ /es/acerca-de                                                                                         3.82 kB         933 kB
├ ○ /es/areas-de-practica                                                                                 4.47 kB         934 kB
├ ○ /es/areas-de-practica/compensacion-laboral                                                            145 B           930 kB
├ ○ /es/areas-de-practica/defensa-criminal                                                                144 B           930 kB
├ ○ /es/areas-de-practica/defensa-criminal/violacion-de-libertad-condicional                              144 B           930 kB
├ ○ /es/areas-de-practica/derecho-familia                                                                 145 B           930 kB
├ ○ /es/areas-de-practica/derecho-familia/divorcio                                                        144 B           930 kB
├ ○ /es/areas-de-practica/derecho-familia/ejecucion-y-modificaciones-posteriores-al-divorcio              144 B           930 kB
├ ○ /es/areas-de-practica/infracciones-transito                                                           144 B           930 kB
├ ○ /es/areas-de-practica/inmigracion                                                                     2.79 kB         932 kB
├ ○ /es/areas-de-practica/inmigracion/ajuste-de-estatus                                                   144 B           930 kB
├ ○ /es/areas-de-practica/inmigracion/asilo                                                               145 B           930 kB
├ ○ /es/areas-de-practica/inmigracion/audiencias-de-fianza-detencion                                      145 B           930 kB
├ ○ /es/areas-de-practica/inmigracion/ayuda-apelaciones-denegacion-de-visa                                144 B           930 kB
├ ○ /es/areas-de-practica/inmigracion/ciudadania                                                          144 B           930 kB
├ ○ /es/areas-de-practica/inmigracion/daca-accion-diferida-llegadas-en-la-infancia                        144 B           930 kB
├ ○ /es/areas-de-practica/inmigracion/deportacion-remocion-defensa                                        144 B           930 kB
├ ○ /es/areas-de-practica/inmigracion/faqs-preguntas-respuestas                                           145 B           930 kB
├ ○ /es/areas-de-practica/inmigracion/impacto-en-inmigracion-de-condenas-penales                          144 B           930 kB
├ ○ /es/areas-de-practica/inmigracion/inadmisibilidad-perdones-inelegible-para-inmigrar                   144 B           930 kB
├ ○ /es/areas-de-practica/inmigracion/inmigracion-basada-en-el-empleo                                     144 B           930 kB
├ ○ /es/areas-de-practica/inmigracion/inmigracion-basada-en-el-empleo/certificacion-laboral-perm          145 B           930 kB
├ ○ /es/areas-de-practica/inmigracion/memorando-sobre-salida-forzada-diferida-para-ciertos-venezolanos    144 B           930 kB
├ ○ /es/areas-de-practica/inmigracion/pariente-familiar                                                   144 B           930 kB
├ ○ /es/areas-de-practica/inmigracion/proceso-de-visa                                                     145 B           930 kB
├ ○ /es/areas-de-practica/inmigracion/tarjetas-verdes                                                     144 B           930 kB
├ ○ /es/areas-de-practica/inmigracion/vawa-u-visa-crimen-victimas                                         144 B           930 kB
├ ○ /es/areas-de-practica/inmigracion/visas-de-pariente-inmediato                                         143 B           930 kB
├ ○ /es/areas-de-practica/lesiones-personales                                                             2.86 kB         932 kB
├ ○ /es/areas-de-practica/lesiones-personales/accidentes-motocicleta                                      143 B           930 kB
├ ○ /es/becas                                                                                             3.53 kB         933 kB
├ ○ /es/blog                                                                                              145 B           930 kB
├ ƒ /es/blog/[slug]                                                                                       144 B           930 kB
├ ○ /es/blog/categoria/compensacion-laboral                                                               145 B           930 kB
├ ○ /es/blog/categoria/defensa-criminal                                                                   144 B           930 kB
├ ○ /es/blog/categoria/derecho-familiar                                                                   144 B           930 kB
├ ○ /es/blog/categoria/infracciones-trafico                                                               145 B           930 kB
├ ○ /es/blog/categoria/inmigracion                                                                        145 B           930 kB
├ ○ /es/blog/categoria/lesiones-personales                                                                143 B           930 kB
├ ○ /es/blog/category/criminal-defense                                                                    145 B           930 kB
├ ○ /es/blog/category/family-law                                                                          144 B           930 kB
├ ○ /es/blog/category/immigration                                                                         144 B           930 kB
├ ○ /es/blog/category/personal-injury                                                                     144 B           930 kB
├ ○ /es/blog/category/traffic-violations                                                                  144 B           930 kB
├ ○ /es/blog/category/workers-compensation                                                                145 B           930 kB
├ ○ /es/consulta-gratuita                                                                                 145 B           930 kB
├ ○ /es/contacto                                                                                          145 B           930 kB
├ ○ /es/contacto/ubicacion-oficina-charlotte-nc                                                           144 B           930 kB
├ ○ /es/contacto/ubicacion-oficina-orlando-fl                                                             143 B           930 kB
├ ○ /es/contacto/ubicacion-oficina-raleigh-nc                                                             143 B           930 kB
├ ○ /es/contacto/ubicacion-oficina-smithfield                                                             143 B           930 kB
├ ○ /es/hacer-pago                                                                                        144 B           930 kB
├ ○ /es/mapa-del-sitio                                                                                    144 B           930 kB
├ ○ /es/medios                                                                                            145 B           930 kB
├ ○ /es/medios-de-comunicacion                                                                            144 B           930 kB
├ ○ /es/nuestro-equipo                                                                                    3.21 kB         933 kB
├ ○ /es/pago                                                                                              257 B           930 kB
├ ○ /es/politica-privacidad                                                                               144 B           930 kB
├ ○ /es/preguntas-frecuentes                                                                              145 B           930 kB
├ ○ /es/resultados-casos                                                                                  145 B           930 kB
├ ○ /es/terminos-servicio                                                                                 144 B           930 kB
├ ○ /es/testimonios                                                                                       144 B           930 kB
├ ○ /es/ubicaciones                                                                                       144 B           930 kB
├ ○ /es/ubicaciones/charlotte                                                                             144 B           930 kB
├ ○ /es/ubicaciones/durham                                                                                144 B           930 kB
├ ○ /es/ubicaciones/nc/charlotte                                                                          144 B           930 kB
├ ○ /es/ubicaciones/orlando                                                                               145 B           930 kB
├ ○ /es/ubicaciones/raleigh                                                                               143 B           930 kB
├ ○ /es/ubicaciones/smithfield                                                                            143 B           930 kB
├ ○ /es/ubicaciones/winston-salem                                                                         145 B           930 kB
├ ○ /expert-guide-to-immigration-reform-for-student-visas                                                 144 B           930 kB
├ ○ /expert-insights-on-the-shocking-truth-about-illegal-immigrants                                       144 B           930 kB
├ ○ /expert-tips-to-navigate-a-delayed-immigration-court-case-status                                      144 B           930 kB
├ ○ /family-law                                                                                           144 B           930 kB
├ ○ /family-law/indexet_blog                                                                              143 B           930 kB
├ ○ /faqs                                                                                                 3.88 kB         933 kB
├ ○ /free-consultation                                                                                    2.63 kB         932 kB
├ ○ /guia-experta-sobre-la-reforma-migratoria-para-visas-de-estudiante                                    144 B           930 kB
├ ○ /guide-to-permanent-residency-through-employment-what-you-need-to-know                                144 B           930 kB
├ ○ /home                                                                                                 143 B           930 kB
├ ○ /how-can-drug-charges-impact-immigration-status                                                       144 B           930 kB
├ ○ /how-can-i-get-compensation-for-a-construction-site-injury-in-north-carolina                          144 B           930 kB
├ ○ /how-i-built-a-6-figure-business-in-12-months-as-a-first-generation-immigrant                         144 B           930 kB
├ ○ /how-long-does-divorce-take-in-north-carolina-complete-timeline-guide                                 144 B           930 kB
├ ○ /how-to-identify-the-signs-of-illegal-immigration-in-your-community                                   144 B           930 kB
├ ○ /i-was-in-an-accident-with-an-emergency-vehicle-now-what                                              144 B           930 kB
├ ○ /immigration                                                                                          218 B           930 kB
├ ○ /immigration-service                                                                                  144 B           930 kB
├ ○ /immigration/indexet_blog                                                                             144 B           930 kB
├ ○ /immigration/visa-process/indexet_blog                                                                144 B           930 kB
├ ○ /job-related-risks-for-agricultural-workers                                                           144 B           930 kB
├ ○ /la-impactante-verdad-sobre-la-inmigracion-ilegal                                                     145 B           930 kB
├ ○ /la-mejor-guia-para-navegar-en-la-junta-de-apelaciones-de-inmigracion                                 145 B           930 kB
├ ○ /locations                                                                                            3.78 kB         933 kB
├ ○ /locations/charlotte                                                                                  144 B           930 kB
├ ○ /locations/durham                                                                                     143 B           930 kB
├ ○ /locations/nc                                                                                         144 B           930 kB
├ ○ /locations/nc/aberdeen                                                                                144 B           930 kB
├ ○ /locations/nc/albemarle                                                                               145 B           930 kB
├ ○ /locations/nc/apex                                                                                    144 B           930 kB
├ ○ /locations/nc/apex/car-accident-lawyer                                                                144 B           930 kB
├ ○ /locations/nc/apex/criminal-defense-attorney                                                          144 B           930 kB
├ ○ /locations/nc/apex/immigration-lawyer                                                                 144 B           930 kB
├ ○ /locations/nc/apex/personal-injury-attorney                                                           144 B           930 kB
├ ○ /locations/nc/apex/workers-compensation-lawyer                                                        144 B           930 kB
├ ○ /locations/nc/asheboro                                                                                144 B           930 kB
├ ○ /locations/nc/asheville                                                                               144 B           930 kB
├ ○ /locations/nc/belmont                                                                                 144 B           930 kB
├ ○ /locations/nc/benson                                                                                  144 B           930 kB
├ ○ /locations/nc/boone                                                                                   145 B           930 kB
├ ○ /locations/nc/burlington                                                                              145 B           930 kB
├ ○ /locations/nc/carrboro                                                                                144 B           930 kB
├ ○ /locations/nc/cary                                                                                    143 B           930 kB
├ ○ /locations/nc/cary/car-accident-lawyer                                                                143 B           930 kB
├ ○ /locations/nc/cary/criminal-defense-attorney                                                          145 B           930 kB
├ ○ /locations/nc/cary/immigration-lawyer                                                                 144 B           930 kB
├ ○ /locations/nc/cary/personal-injury-attorney                                                           144 B           930 kB
├ ○ /locations/nc/cary/workers-compensation-lawyer                                                        144 B           930 kB
├ ○ /locations/nc/chapel-hill                                                                             144 B           930 kB
├ ○ /locations/nc/charlotte                                                                               144 B           930 kB
├ ○ /locations/nc/charlotte/car-accident-lawyer                                                           144 B           930 kB
├ ○ /locations/nc/charlotte/criminal-defense-attorney                                                     144 B           930 kB
├ ○ /locations/nc/charlotte/immigration-lawyer                                                            145 B           930 kB
├ ○ /locations/nc/charlotte/personal-injury-attorney                                                      145 B           930 kB
├ ○ /locations/nc/charlotte/workers-compensation-lawyer                                                   145 B           930 kB
├ ○ /locations/nc/clayton                                                                                 144 B           930 kB
├ ○ /locations/nc/clayton/car-accident-lawyer                                                             144 B           930 kB
├ ○ /locations/nc/clayton/criminal-defense-attorney                                                       144 B           930 kB
├ ○ /locations/nc/clayton/immigration-lawyer                                                              144 B           930 kB
├ ○ /locations/nc/clayton/personal-injury-attorney                                                        144 B           930 kB
├ ○ /locations/nc/clayton/workers-compensation-lawyer                                                     143 B           930 kB
├ ○ /locations/nc/concord                                                                                 144 B           930 kB
├ ○ /locations/nc/cornelius                                                                               144 B           930 kB
├ ○ /locations/nc/counties/alamance                                                                       145 B           930 kB
├ ○ /locations/nc/counties/alexander                                                                      145 B           930 kB
├ ○ /locations/nc/counties/alleghany                                                                      145 B           930 kB
├ ○ /locations/nc/counties/anson                                                                          144 B           930 kB
├ ○ /locations/nc/counties/ashe                                                                           144 B           930 kB
├ ○ /locations/nc/counties/avery                                                                          145 B           930 kB
├ ○ /locations/nc/counties/beaufort                                                                       144 B           930 kB
├ ○ /locations/nc/counties/bertie                                                                         145 B           930 kB
├ ○ /locations/nc/counties/bladen                                                                         144 B           930 kB
├ ○ /locations/nc/counties/brunswick                                                                      145 B           930 kB
├ ○ /locations/nc/counties/buncombe                                                                       145 B           930 kB
├ ○ /locations/nc/counties/burke                                                                          144 B           930 kB
├ ○ /locations/nc/counties/cabarrus                                                                       144 B           930 kB
├ ○ /locations/nc/counties/caldwell                                                                       144 B           930 kB
├ ○ /locations/nc/counties/camden                                                                         144 B           930 kB
├ ○ /locations/nc/counties/carteret                                                                       144 B           930 kB
├ ○ /locations/nc/counties/caswell                                                                        145 B           930 kB
├ ○ /locations/nc/counties/catawba                                                                        144 B           930 kB
├ ○ /locations/nc/counties/chatham                                                                        144 B           930 kB
├ ○ /locations/nc/counties/cherokee                                                                       145 B           930 kB
├ ○ /locations/nc/counties/chowan                                                                         144 B           930 kB
├ ○ /locations/nc/counties/clay                                                                           144 B           930 kB
├ ○ /locations/nc/counties/cleveland                                                                      145 B           930 kB
├ ○ /locations/nc/counties/columbus                                                                       144 B           930 kB
├ ○ /locations/nc/counties/craven                                                                         145 B           930 kB
├ ○ /locations/nc/counties/cumberland                                                                     144 B           930 kB
├ ○ /locations/nc/counties/currituck                                                                      143 B           930 kB
├ ○ /locations/nc/counties/dare                                                                           144 B           930 kB
├ ○ /locations/nc/counties/davidson                                                                       144 B           930 kB
├ ○ /locations/nc/counties/davie                                                                          144 B           930 kB
├ ○ /locations/nc/counties/duplin                                                                         144 B           930 kB
├ ○ /locations/nc/counties/durham                                                                         145 B           930 kB
├ ○ /locations/nc/counties/edgecombe                                                                      144 B           930 kB
├ ○ /locations/nc/counties/forsyth                                                                        144 B           930 kB
├ ○ /locations/nc/counties/franklin                                                                       144 B           930 kB
├ ○ /locations/nc/counties/gaston                                                                         144 B           930 kB
├ ○ /locations/nc/counties/gates                                                                          144 B           930 kB
├ ○ /locations/nc/counties/graham                                                                         144 B           930 kB
├ ○ /locations/nc/counties/granville                                                                      145 B           930 kB
├ ○ /locations/nc/counties/greene                                                                         144 B           930 kB
├ ○ /locations/nc/counties/guilford                                                                       145 B           930 kB
├ ○ /locations/nc/counties/halifax                                                                        145 B           930 kB
├ ○ /locations/nc/counties/harnett                                                                        144 B           930 kB
├ ○ /locations/nc/counties/haywood                                                                        145 B           930 kB
├ ○ /locations/nc/counties/henderson                                                                      144 B           930 kB
├ ○ /locations/nc/counties/hertford                                                                       144 B           930 kB
├ ○ /locations/nc/counties/hoke                                                                           145 B           930 kB
├ ○ /locations/nc/counties/hyde                                                                           144 B           930 kB
├ ○ /locations/nc/counties/iredell                                                                        144 B           930 kB
├ ○ /locations/nc/counties/jackson                                                                        144 B           930 kB
├ ○ /locations/nc/counties/johnston                                                                       145 B           930 kB
├ ○ /locations/nc/counties/jones                                                                          144 B           930 kB
├ ○ /locations/nc/counties/lee                                                                            145 B           930 kB
├ ○ /locations/nc/counties/lenoir                                                                         144 B           930 kB
├ ○ /locations/nc/counties/lincoln                                                                        145 B           930 kB
├ ○ /locations/nc/counties/macon                                                                          144 B           930 kB
├ ○ /locations/nc/counties/madison                                                                        144 B           930 kB
├ ○ /locations/nc/counties/martin                                                                         145 B           930 kB
├ ○ /locations/nc/counties/mcdowell                                                                       144 B           930 kB
├ ○ /locations/nc/counties/mecklenburg                                                                    144 B           930 kB
├ ○ /locations/nc/counties/mitchell                                                                       145 B           930 kB
├ ○ /locations/nc/counties/montgomery                                                                     144 B           930 kB
├ ○ /locations/nc/counties/moore                                                                          144 B           930 kB
├ ○ /locations/nc/counties/nash                                                                           144 B           930 kB
├ ○ /locations/nc/counties/new-hanover                                                                    145 B           930 kB
├ ○ /locations/nc/counties/northampton                                                                    145 B           930 kB
├ ○ /locations/nc/counties/onslow                                                                         145 B           930 kB
├ ○ /locations/nc/counties/orange                                                                         144 B           930 kB
├ ○ /locations/nc/counties/pamlico                                                                        145 B           930 kB
├ ○ /locations/nc/counties/pasquotank                                                                     143 B           930 kB
├ ○ /locations/nc/counties/pender                                                                         144 B           930 kB
├ ○ /locations/nc/counties/perquimans                                                                     144 B           930 kB
├ ○ /locations/nc/counties/person                                                                         144 B           930 kB
├ ○ /locations/nc/counties/pitt                                                                           144 B           930 kB
├ ○ /locations/nc/counties/polk                                                                           145 B           930 kB
├ ○ /locations/nc/counties/randolph                                                                       144 B           930 kB
├ ○ /locations/nc/counties/richmond                                                                       145 B           930 kB
├ ○ /locations/nc/counties/robeson                                                                        145 B           930 kB
├ ○ /locations/nc/counties/rockingham                                                                     145 B           930 kB
├ ○ /locations/nc/counties/rowan                                                                          144 B           930 kB
├ ○ /locations/nc/counties/rutherford                                                                     145 B           930 kB
├ ○ /locations/nc/counties/sampson                                                                        145 B           930 kB
├ ○ /locations/nc/counties/scotland                                                                       145 B           930 kB
├ ○ /locations/nc/counties/stanly                                                                         144 B           930 kB
├ ○ /locations/nc/counties/stokes                                                                         145 B           930 kB
├ ○ /locations/nc/counties/surry                                                                          144 B           930 kB
├ ○ /locations/nc/counties/swain                                                                          143 B           930 kB
├ ○ /locations/nc/counties/transylvania                                                                   145 B           930 kB
├ ○ /locations/nc/counties/tyrrell                                                                        145 B           930 kB
├ ○ /locations/nc/counties/union                                                                          144 B           930 kB
├ ○ /locations/nc/counties/vance                                                                          143 B           930 kB
├ ○ /locations/nc/counties/wake                                                                           144 B           930 kB
├ ○ /locations/nc/counties/warren                                                                         145 B           930 kB
├ ○ /locations/nc/counties/washington                                                                     144 B           930 kB
├ ○ /locations/nc/counties/watauga                                                                        144 B           930 kB
├ ○ /locations/nc/counties/wayne                                                                          144 B           930 kB
├ ○ /locations/nc/counties/wilkes                                                                         143 B           930 kB
├ ○ /locations/nc/counties/wilson                                                                         143 B           930 kB
├ ○ /locations/nc/counties/yadkin                                                                         144 B           930 kB
├ ○ /locations/nc/counties/yancey                                                                         144 B           930 kB
├ ○ /locations/nc/davidson                                                                                143 B           930 kB
├ ○ /locations/nc/durham                                                                                  145 B           930 kB
├ ○ /locations/nc/durham/car-accident-lawyer                                                              144 B           930 kB
├ ○ /locations/nc/durham/criminal-defense-attorney                                                        145 B           930 kB
├ ○ /locations/nc/durham/immigration-lawyer                                                               144 B           930 kB
├ ○ /locations/nc/durham/personal-injury-attorney                                                         144 B           930 kB
├ ○ /locations/nc/durham/workers-compensation-lawyer                                                      145 B           930 kB
├ ○ /locations/nc/elizabeth-city                                                                          143 B           930 kB
├ ○ /locations/nc/fayetteville                                                                            144 B           930 kB
├ ○ /locations/nc/fort-liberty                                                                            144 B           930 kB
├ ○ /locations/nc/four-oaks                                                                               144 B           930 kB
├ ○ /locations/nc/fuquay-varina                                                                           144 B           930 kB
├ ○ /locations/nc/garner                                                                                  144 B           930 kB
├ ○ /locations/nc/garner/car-accident-lawyer                                                              144 B           930 kB
├ ○ /locations/nc/garner/criminal-defense-attorney                                                        144 B           930 kB
├ ○ /locations/nc/garner/immigration-lawyer                                                               144 B           930 kB
├ ○ /locations/nc/garner/personal-injury-attorney                                                         143 B           930 kB
├ ○ /locations/nc/garner/workers-compensation-lawyer                                                      143 B           930 kB
├ ○ /locations/nc/gastonia                                                                                145 B           930 kB
├ ○ /locations/nc/goldsboro                                                                               144 B           930 kB
├ ○ /locations/nc/greensboro                                                                              145 B           930 kB
├ ○ /locations/nc/greensboro/car-accident-lawyer                                                          145 B           930 kB
├ ○ /locations/nc/greensboro/criminal-defense-attorney                                                    145 B           930 kB
├ ○ /locations/nc/greensboro/immigration-lawyer                                                           145 B           930 kB
├ ○ /locations/nc/greensboro/personal-injury-attorney                                                     144 B           930 kB
├ ○ /locations/nc/greensboro/workers-compensation-lawyer                                                  144 B           930 kB
├ ○ /locations/nc/greenville                                                                              145 B           930 kB
├ ○ /locations/nc/harrisburg                                                                              144 B           930 kB
├ ○ /locations/nc/henderson                                                                               145 B           930 kB
├ ○ /locations/nc/hendersonville                                                                          144 B           930 kB
├ ○ /locations/nc/hickory                                                                                 144 B           930 kB
├ ○ /locations/nc/high-point                                                                              144 B           930 kB
├ ○ /locations/nc/hillsborough                                                                            144 B           930 kB
├ ○ /locations/nc/holly-springs                                                                           144 B           930 kB
├ ○ /locations/nc/hope-mills                                                                              144 B           930 kB
├ ○ /locations/nc/huntersville                                                                            144 B           930 kB
├ ○ /locations/nc/indian-trail                                                                            145 B           930 kB
├ ○ /locations/nc/jacksonville                                                                            144 B           930 kB
├ ○ /locations/nc/kannapolis                                                                              144 B           930 kB
├ ○ /locations/nc/kernersville                                                                            144 B           930 kB
├ ○ /locations/nc/kinston                                                                                 144 B           930 kB
├ ○ /locations/nc/knightdale                                                                              144 B           930 kB
├ ○ /locations/nc/laurinburg                                                                              145 B           930 kB
├ ○ /locations/nc/lenoir                                                                                  145 B           930 kB
├ ○ /locations/nc/lexington                                                                               144 B           930 kB
├ ○ /locations/nc/louisburg                                                                               144 B           930 kB
├ ○ /locations/nc/lumberton                                                                               145 B           930 kB
├ ○ /locations/nc/matthews                                                                                144 B           930 kB
├ ○ /locations/nc/mint-hill                                                                               144 B           930 kB
├ ○ /locations/nc/monroe                                                                                  145 B           930 kB
├ ○ /locations/nc/mooresville                                                                             144 B           930 kB
├ ○ /locations/nc/morganton                                                                               144 B           930 kB
├ ○ /locations/nc/morrisville                                                                             144 B           930 kB
├ ○ /locations/nc/mount-airy                                                                              144 B           930 kB
├ ○ /locations/nc/mount-holly                                                                             144 B           930 kB
├ ○ /locations/nc/new-bern                                                                                144 B           930 kB
├ ○ /locations/nc/newton                                                                                  144 B           930 kB
├ ○ /locations/nc/oxford                                                                                  145 B           930 kB
├ ○ /locations/nc/pine-level                                                                              144 B           930 kB
├ ○ /locations/nc/pinehurst                                                                               144 B           930 kB
├ ○ /locations/nc/pineville                                                                               144 B           930 kB
├ ○ /locations/nc/princeton                                                                               145 B           930 kB
├ ○ /locations/nc/raleigh                                                                                 144 B           930 kB
├ ○ /locations/nc/raleigh/car-accident-lawyer                                                             145 B           930 kB
├ ○ /locations/nc/raleigh/criminal-defense-attorney                                                       144 B           930 kB
├ ○ /locations/nc/raleigh/immigration-lawyer                                                              144 B           930 kB
├ ○ /locations/nc/raleigh/personal-injury-attorney                                                        145 B           930 kB
├ ○ /locations/nc/raleigh/workers-compensation-lawyer                                                     144 B           930 kB
├ ○ /locations/nc/regions/charlotte-metro                                                                 145 B           930 kB
├ ○ /locations/nc/regions/eastern-nc                                                                      145 B           930 kB
├ ○ /locations/nc/regions/piedmont                                                                        145 B           930 kB
├ ○ /locations/nc/regions/triad                                                                           144 B           930 kB
├ ○ /locations/nc/regions/triangle                                                                        145 B           930 kB
├ ○ /locations/nc/regions/western-nc                                                                      145 B           930 kB
├ ○ /locations/nc/rocky-mount                                                                             144 B           930 kB
├ ○ /locations/nc/rolesville                                                                              143 B           930 kB
├ ○ /locations/nc/roxboro                                                                                 145 B           930 kB
├ ○ /locations/nc/salisbury                                                                               144 B           930 kB
├ ○ /locations/nc/sanford                                                                                 144 B           930 kB
├ ○ /locations/nc/selma                                                                                   144 B           930 kB
├ ○ /locations/nc/shelby                                                                                  145 B           930 kB
├ ○ /locations/nc/smithfield                                                                              144 B           930 kB
├ ○ /locations/nc/smithfield/car-accident-lawyer                                                          144 B           930 kB
├ ○ /locations/nc/smithfield/criminal-defense-attorney                                                    144 B           930 kB
├ ○ /locations/nc/smithfield/immigration-lawyer                                                           144 B           930 kB
├ ○ /locations/nc/smithfield/personal-injury-attorney                                                     144 B           930 kB
├ ○ /locations/nc/smithfield/workers-compensation-lawyer                                                  144 B           930 kB
├ ○ /locations/nc/southern-pines                                                                          144 B           930 kB
├ ○ /locations/nc/spring-lake                                                                             144 B           930 kB
├ ○ /locations/nc/stallings                                                                               144 B           930 kB
├ ○ /locations/nc/statesville                                                                             145 B           930 kB
├ ○ /locations/nc/thomasville                                                                             144 B           930 kB
├ ○ /locations/nc/wake-forest                                                                             144 B           930 kB
├ ○ /locations/nc/warrenton                                                                               144 B           930 kB
├ ○ /locations/nc/waxhaw                                                                                  144 B           930 kB
├ ○ /locations/nc/wendell                                                                                 144 B           930 kB
├ ○ /locations/nc/wilmington                                                                              145 B           930 kB
├ ○ /locations/nc/wilson                                                                                  144 B           930 kB
├ ○ /locations/nc/winston-salem                                                                           144 B           930 kB
├ ○ /locations/nc/winston-salem/car-accident-lawyer                                                       144 B           930 kB
├ ○ /locations/nc/winston-salem/criminal-defense-attorney                                                 144 B           930 kB
├ ○ /locations/nc/winston-salem/immigration-lawyer                                                        144 B           930 kB
├ ○ /locations/nc/winston-salem/personal-injury-attorney                                                  145 B           930 kB
├ ○ /locations/nc/winston-salem/workers-compensation-lawyer                                               145 B           930 kB
├ ○ /locations/nc/youngsville                                                                             144 B           930 kB
├ ○ /locations/nc/zebulon                                                                                 145 B           930 kB
├ ○ /locations/orlando                                                                                    144 B           930 kB
├ ○ /locations/raleigh                                                                                    144 B           930 kB
├ ○ /locations/smithfield                                                                                 144 B           930 kB
├ ○ /locations/winston-salem                                                                              144 B           930 kB
├ ○ /make-payment                                                                                         144 B           930 kB
├ ○ /media-info                                                                                           144 B           930 kB
├ ○ /media-info/testimonials                                                                              144 B           930 kB
├ ○ /modern-demo                                                                                          10.2 kB         940 kB
├ ○ /multas-de-transito                                                                                   144 B           930 kB
├ ○ /new-rules-for-asylum-and-parole-may-affect-immigrants-to-the-u-s                                     144 B           930 kB
├ ○ /north-carolina-attorney/can-immigrants-still-qualify-for-the-daca-program-in-2021-and-beyond         145 B           930 kB
├ ○ /north-carolina-attorney/how-can-i-get-compensation-for-a-construction-site-injury-in-north-carolina  145 B           930 kB
├ ○ /north-carolina-attorney/if-i-am-convicted-of-a-crime-will-i-get-deported                             144 B           930 kB
├ ○ /north-carolina-attorney/when-can-criminal-cases-affect-a-person-s-immigration-status                 144 B           930 kB
├ ○ /north-carolina-child-custody-laws-best-interests-factors-explained                                   144 B           930 kB
├ ○ /orlando-fl                                                                                           144 B           930 kB
├ ○ /orlando-fl-auto-accident-lawyers                                                                     144 B           930 kB
├ ○ /orlando-fl-immigration-lawyers                                                                       145 B           930 kB
├ ○ /orlando-fl-workers-comp-lawyers                                                                      144 B           930 kB
├ ○ /our-team                                                                                             3.18 kB         933 kB
├ ○ /payment                                                                                              181 B           930 kB
├ ○ /personal-injury                                                                                      145 B           930 kB
├ ○ /personal-injury/car-auto-accidents/indexet_blog                                                      145 B           930 kB
├ ○ /personal-injury/indexet_blog                                                                         144 B           930 kB
├ ○ /practice-areas                                                                                       4.5 kB          934 kB
├ ○ /practice-areas-hub                                                                                   1.71 kB         931 kB
├ ○ /practice-areas/criminal-defense                                                                      144 B           930 kB
├ ○ /practice-areas/criminal-defense/assault-battery                                                      144 B           930 kB
├ ○ /practice-areas/criminal-defense/domestic-violence                                                    145 B           930 kB
├ ○ /practice-areas/criminal-defense/domestic-violence-abuse                                              144 B           930 kB
├ ○ /practice-areas/criminal-defense/drug-crime-cases                                                     145 B           930 kB
├ ○ /practice-areas/criminal-defense/drug-crimes                                                          145 B           930 kB
├ ○ /practice-areas/criminal-defense/dui-dwi                                                              145 B           930 kB
├ ○ /practice-areas/criminal-defense/dwi-drunk-driving                                                    215 B           930 kB
├ ○ /practice-areas/criminal-defense/expungement                                                          144 B           930 kB
├ ○ /practice-areas/criminal-defense/expungement-expunction                                               144 B           930 kB
├ ○ /practice-areas/criminal-defense/probation-violation                                                  2.15 kB         932 kB
├ ○ /practice-areas/criminal-defense/theft-larceny-shoplifting                                            208 B           930 kB
├ ○ /practice-areas/criminal-defense/theft-property-crimes                                                144 B           930 kB
├ ○ /practice-areas/criminal-defense/traffic-offenses                                                     144 B           930 kB
├ ○ /practice-areas/criminal-defense/traffic-offenses-tickets                                             145 B           930 kB
├ ○ /practice-areas/family-law                                                                            144 B           930 kB
├ ○ /practice-areas/family-law/alimony                                                                    144 B           930 kB
├ ○ /practice-areas/family-law/alimony-spousal-support                                                    144 B           930 kB
├ ○ /practice-areas/family-law/child-custody                                                              144 B           930 kB
├ ○ /practice-areas/family-law/divorce                                                                    144 B           930 kB
├ ○ /practice-areas/family-law/equitable-distribution-property-debt-division                              144 B           930 kB
├ ○ /practice-areas/family-law/property-division                                                          145 B           930 kB
├ ○ /practice-areas/immigration                                                                           144 B           930 kB
├ ○ /practice-areas/immigration/adjustment-of-status                                                      145 B           930 kB
├ ○ /practice-areas/immigration/asylum-refugee-legal-help                                                 145 B           930 kB
├ ○ /practice-areas/immigration/citizenship-naturalization                                                3.36 kB         875 kB
├ ○ /practice-areas/immigration/daca-deferred-action-childhood-arrivals                                   144 B           930 kB
├ ○ /practice-areas/immigration/deportation-removal-defense                                               144 B           930 kB
├ ○ /practice-areas/immigration/detention-bond-hearings                                                   145 B           930 kB
├ ○ /practice-areas/immigration/employment-based-immigration                                              144 B           930 kB
├ ○ /practice-areas/immigration/family-based-relative                                                     3.53 kB         875 kB
├ ○ /practice-areas/immigration/family-preference-visas                                                   145 B           930 kB
├ ○ /practice-areas/immigration/fiance-k-visas                                                            144 B           930 kB
├ ○ /practice-areas/immigration/green-cards                                                               144 B           930 kB
├ ○ /practice-areas/immigration/immediate-relative-visas                                                  144 B           930 kB
├ ○ /practice-areas/immigration/inadmissibility-waivers                                                   144 B           930 kB
├ ○ /practice-areas/immigration/t-visa                                                                    145 B           930 kB
├ ○ /practice-areas/immigration/vawa-u-visa-crime-victims                                                 145 B           930 kB
├ ○ /practice-areas/immigration/visa-process                                                              145 B           930 kB
├ ○ /practice-areas/personal-injury                                                                       143 B           930 kB
├ ○ /practice-areas/personal-injury/bicycle-accidents                                                     144 B           930 kB
├ ○ /practice-areas/personal-injury/boating-accidents                                                     144 B           930 kB
├ ○ /practice-areas/personal-injury/car-accidents                                                         144 B           930 kB
├ ○ /practice-areas/personal-injury/car-auto-accidents                                                    144 B           930 kB
├ ○ /practice-areas/personal-injury/drunk-driver-accidents                                                144 B           930 kB
├ ○ /practice-areas/personal-injury/drunk-driver-liability                                                145 B           930 kB
├ ○ /practice-areas/personal-injury/emergency-vehicle-accidents                                           144 B           930 kB
├ ○ /practice-areas/personal-injury/medical-malpractice                                                   144 B           930 kB
├ ○ /practice-areas/personal-injury/motorcycle-accidents                                                  145 B           930 kB
├ ○ /practice-areas/personal-injury/nursing-home-abuse                                                    145 B           930 kB
├ ○ /practice-areas/personal-injury/pedestrian-accidents                                                  144 B           930 kB
├ ○ /practice-areas/personal-injury/pedestrian-hit-by-car                                                 144 B           930 kB
├ ○ /practice-areas/personal-injury/premises-liability                                                    145 B           930 kB
├ ○ /practice-areas/personal-injury/truck-accidents                                                       144 B           930 kB
├ ○ /practice-areas/personal-injury/uninsured-motorist                                                    145 B           930 kB
├ ○ /practice-areas/personal-injury/wrongful-death                                                        144 B           930 kB
├ ○ /practice-areas/traffic-violations                                                                    145 B           930 kB
├ ○ /practice-areas/workers-compensation                                                                  145 B           930 kB
├ ○ /practice-areas/workers-compensation/construction-site-injuries                                       145 B           930 kB
├ ○ /practice-areas/workers-compensation/equipment-accidents                                              145 B           930 kB
├ ○ /practice-areas/workers-compensation/lifting-injuries                                                 144 B           930 kB
├ ○ /practice-areas/workers-compensation/mental-health-claims                                             144 B           930 kB
├ ○ /practice-areas/workers-compensation/repetitive-stress-carpal-tunnel                                  145 B           930 kB
├ ○ /practice-areas/workers-compensation/third-party-injury-claims                                        144 B           930 kB
├ ○ /privacy-policy                                                                                       144 B           930 kB
├ ○ /raleigh-nc                                                                                           144 B           930 kB
├ ○ /raleigh-nc-workers-comp-lawyers                                                                      144 B           930 kB
├ ○ /resources                                                                                            194 B           930 kB
├ ○ /resources/immigration                                                                                3.47 kB         933 kB
├ ○ /robots.txt                                                                                           0 B                0 B
├ ○ /scholarship                                                                                          3.32 kB         933 kB
├ ○ /scholarship-fall-2024-winner-citlali-jacqueline-flores-hernandez                                     145 B           930 kB
├ ○ /scholarship-fall-2024-winner-jennifer-guzman-millan                                                  145 B           930 kB
├ ○ /scholarship/past-winners                                                                             144 B           930 kB
├ ○ /sitemap                                                                                              144 B           930 kB
├ ○ /sitemap.xml                                                                                          0 B                0 B
├ ○ /smithfield-nc                                                                                        144 B           930 kB
├ ○ /smithfield-nc-auto-accident-lawyers                                                                  145 B           930 kB
├ ○ /smithfield-nc-immigration-lawyers                                                                    145 B           930 kB
├ ○ /smithfield-nc-workers-comp-lawyers                                                                   145 B           930 kB
├ ○ /spring-2023-scholarship-winner-briseyda                                                              144 B           930 kB
├ ○ /steps-to-take-if-your-workers-comp-claim-is-denied-in-north-carolina                                 145 B           930 kB
├ ○ /struggles-of-undocumented-immigrants                                                                 144 B           930 kB
├ ○ /t-visa-immigration-attorneys                                                                         144 B           930 kB
├ ○ /terms-of-service                                                                                     144 B           930 kB
├ ○ /test-deployment                                                                                      144 B           930 kB
├ ○ /testimonials                                                                                         145 B           930 kB
├ ○ /the-role-of-asylum-in-immigration-law                                                                144 B           930 kB
├ ○ /top-immigration-lawyer-explains-5-key-signs-your-status-is-at-risk                                   144 B           930 kB
├ ○ /traffic-tickets-nc                                                                                   143 B           930 kB
├ ○ /types-of-damages-in-a-motorcycle-accident-injury-claim                                               145 B           930 kB
├ ○ /types-of-evidence-in-your-auto-accident-injury-claim                                                 144 B           930 kB
├ ○ /understanding-common-causes-of-auto-accidents-tips-for-prevention                                    144 B           930 kB
├ ○ /understanding-the-different-kinds-of-family-visas-in-north-carolina                                  144 B           930 kB
├ ○ /what-are-the-eligibility-requirements-for-fiance-visas                                               144 B           930 kB
├ ○ /what-are-the-requirements-for-adjustment-of-status-for-immigrants                                    144 B           930 kB
├ ○ /what-factors-will-affect-my-workers-comp-settlement                                                  144 B           930 kB
├ ○ /what-is-a-conditional-green-card                                                                     144 B           930 kB
├ ○ /what-issues-will-be-addressed-in-an-immigration-bond-hearing                                         144 B           930 kB
├ ○ /what-legal-options-are-available-for-immigrants-from-venezuela                                       145 B           930 kB
├ ○ /what-should-i-do-if-i-am-arrested-for-dwi-over-the-holidays                                          144 B           930 kB
├ ○ /when-can-criminal-cases-affect-a-persons-immigration-status                                          144 B           930 kB
├ ○ /when-is-consular-processing-required-for-immigrants-to-the-u-s                                       145 B           930 kB
├ ○ /when-is-consular-processing-required-for-immigrants-to-the-u-s-2                                     144 B           930 kB
├ ○ /who-pays-if-workers-die-from-workplace-accidents                                                     144 B           930 kB
├ ○ /will-north-carolina-legalize-marijuana-for-medical-or-recreational-use                               144 B           930 kB
├ ○ /william-vasquez-abogado                                                                              143 B           930 kB
├ ○ /william-vasquez-attorney                                                                             145 B           930 kB
├ ○ /winston-salem                                                                                        144 B           930 kB
├ ○ /winston-salem/winston-salem-nc-auto-accident-lawyers                                                 144 B           930 kB
├ ○ /winston-salem/winston-salem-nc-immigration-lawyers                                                   145 B           930 kB
├ ○ /winston-salem/winston-salem-nc-workers-comp-lawyers                                                  144 B           930 kB
├ ○ /workers-compensation-job-injury/indexet_blog                                                         144 B           930 kB
├ ○ /workers-compensation-job-injury/third-party-injury-claims                                            145 B           930 kB
├ ○ /workers-compensation-job-injury/third-party-injury-claims/indexet_blog                               144 B           930 kB
└ ○ /workers-compensation-service                                                                         144 B           930 kB
+ First Load JS shared by all                                                                             871 kB
  ├ chunks/fd9d1056-55e60a04638af5bd.js                                                                   53.6 kB
  └ chunks/vendors-dc607e093c7b10d2.js                                                                    815 kB
  └ other shared chunks (total)                                                                           2.5 kB


ƒ Middleware                                                                                              26.2 kB

○  (Static)   prerendered as static content
ƒ  (Dynamic)  server-rendered on demand

